c* sweep analysis (all numbers derived from raw.jsonl)
raw rows: 2100  seeds/cell: [100]  ledger max residual: 2.556e-10

--- turnover = 1 antagonist generation(s) per host generation ---
  cost    n  mean sexual_final              boot 95% CI  extinct      extinct Wilson 95% CI  mean - c1.0              paired CI
  0.90  100             0.7197 [   0.6730,   0.7659]       0.00 [   0.0000,   0.0370]         0.4066 [   0.3426,   0.4700]
  1.00  100             0.3131 [   0.2644,   0.3660]       0.05 [   0.0215,   0.1118]         0.0000 [   0.0000,   0.0000]
  1.10  100             0.0862 [   0.0687,   0.1052]       0.27 [   0.1927,   0.3643]        -0.2269 [  -0.2808,  -0.1762]
  1.20  100             0.0242 [   0.0163,   0.0335]       0.63 [   0.5322,   0.7182]        -0.2889 [  -0.3430,  -0.2388]
  1.25  100             0.0102 [   0.0056,   0.0161]       0.86 [   0.7786,   0.9147]        -0.3029 [  -0.3562,  -0.2533]
  1.50  100             0.0004 [   0.0001,   0.0009]       0.99 [   0.9455,   0.9982]        -0.3127 [  -0.3658,  -0.2641]
  1.75  100             0.0000 [   0.0000,   0.0000]       1.00 [   0.9630,   1.0000]        -0.3131 [  -0.3660,  -0.2644]

--- turnover = 6 antagonist generation(s) per host generation ---
  cost    n  mean sexual_final              boot 95% CI  extinct      extinct Wilson 95% CI  mean - c1.0              paired CI
  0.90  100             0.7999 [   0.7731,   0.8253]       0.00 [   0.0000,   0.0370]         0.3614 [   0.3168,   0.4063]
  1.00  100             0.4385 [   0.3998,   0.4778]       0.00 [   0.0000,   0.0370]         0.0000 [   0.0000,   0.0000]
  1.10  100             0.1283 [   0.1089,   0.1479]       0.13 [   0.0776,   0.2098]        -0.3102 [  -0.3551,  -0.2664]
  1.20  100             0.0205 [   0.0161,   0.0256]       0.50 [   0.4038,   0.5962]        -0.4180 [  -0.4569,  -0.3797]
  1.25  100             0.0125 [   0.0089,   0.0164]       0.65 [   0.5525,   0.7364]        -0.4260 [  -0.4650,  -0.3877]
  1.50  100             0.0006 [   0.0002,   0.0010]       0.99 [   0.9455,   0.9982]        -0.4379 [  -0.4771,  -0.3993]
  1.75  100             0.0000 [   0.0000,   0.0000]       1.00 [   0.9630,   1.0000]        -0.4385 [  -0.4778,  -0.3998]

--- turnover = 12 antagonist generation(s) per host generation ---
  cost    n  mean sexual_final              boot 95% CI  extinct      extinct Wilson 95% CI  mean - c1.0              paired CI
  0.90  100             0.8520 [   0.8318,   0.8708]       0.00 [   0.0000,   0.0370]         0.3857 [   0.3492,   0.4220]
  1.00  100             0.4663 [   0.4348,   0.4981]       0.00 [   0.0000,   0.0370]         0.0000 [   0.0000,   0.0000]
  1.10  100             0.1426 [   0.1221,   0.1636]       0.06 [   0.0278,   0.1248]        -0.3237 [  -0.3582,  -0.2884]
  1.20  100             0.0247 [   0.0203,   0.0293]       0.45 [   0.3561,   0.5476]        -0.4416 [  -0.4742,  -0.4092]
  1.25  100             0.0106 [   0.0078,   0.0136]       0.68 [   0.5834,   0.7633]        -0.4557 [  -0.4870,  -0.4244]
  1.50  100             0.0005 [   0.0002,   0.0009]       0.99 [   0.9455,   0.9982]        -0.4658 [  -0.4977,  -0.4344]
  1.75  100             0.0000 [   0.0000,   0.0000]       1.00 [   0.9630,   1.0000]        -0.4663 [  -0.4981,  -0.4348]

pre-declared maintenance criterion per cost level (all three turnovers):
  c=0.9   maintained_all_turnovers=True  t1: LCL=0.6730/UCL=0.0370, t6: LCL=0.7731/UCL=0.0370, t12: LCL=0.8318/UCL=0.0370
  c=1.0   maintained_all_turnovers=True  t1: LCL=0.2644/UCL=0.1118, t6: LCL=0.3998/UCL=0.0370, t12: LCL=0.4348/UCL=0.0370
  c=1.1   maintained_all_turnovers=True  t1: LCL=0.0687/UCL=0.3643, t6: LCL=0.1089/UCL=0.2098, t12: LCL=0.1221/UCL=0.1248
  c=1.2   maintained_all_turnovers=False  t1: LCL=0.0163/UCL=0.7182, t6: LCL=0.0161/UCL=0.5962, t12: LCL=0.0203/UCL=0.5476
  c=1.25  maintained_all_turnovers=False  t1: LCL=0.0056/UCL=0.9147, t6: LCL=0.0089/UCL=0.7364, t12: LCL=0.0078/UCL=0.7633
  c=1.5   maintained_all_turnovers=False  t1: LCL=0.0001/UCL=0.9982, t6: LCL=0.0002/UCL=0.9982, t12: LCL=0.0002/UCL=0.9982
  c=1.75  maintained_all_turnovers=False  t1: LCL=0.0000/UCL=1.0000, t6: LCL=0.0000/UCL=1.0000, t12: LCL=0.0000/UCL=1.0000

c* bracket (from intervals): [1.1, 1.2]
  separation: BOTH criteria separate the edges cleanly: extinction-fraction Wilson intervals are disjoint at all three turnovers and sexual-frequency bootstrap intervals are disjoint at all three turnovers. The stronger signal is extinction (1.1: 0.06-0.27 vs 1.2: 0.45-0.63, no overlap); the frequency edge at turnover 12 is the narrowest (1.1 LCL 0.1221 vs 1.2 UCL 0.0293).
  extinction intervals disjoint per turnover: {'1': True, '6': True, '12': True}
  sexual-frequency intervals disjoint per turnover: {'1': True, '6': True, '12': True}
old narrowing status: the old 1.1-1.2 narrowing is consistent with the interval-derived bracket
origin/main at run time: 74d98cb9575fc16f7137a3704a8cd896685df1c7  config digest: 572505500794cc3eeaae15c1a0e5e210b72aa67e415c655a40c1fe954a734c38
harness unchanged since run: True

ANALYSIS_DONE rows=2100
